------------------------------------------------------------
TimeQuest Timing Analyzer Summary
------------------------------------------------------------

Type  : Slow 1100mV 85C Model Setup 'clk'
Slack : -13.368
TNS   : -116805.462

Type  : Slow 1100mV 85C Model Hold 'clk'
Slack : 0.268
TNS   : 0.000

Type  : Slow 1100mV 85C Model Minimum Pulse Width 'clk'
Slack : -1.636
TNS   : -48896.351

Type  : Slow 1100mV 0C Model Setup 'clk'
Slack : -13.652
TNS   : -111160.996

Type  : Slow 1100mV 0C Model Hold 'clk'
Slack : 0.252
TNS   : 0.000

Type  : Slow 1100mV 0C Model Minimum Pulse Width 'clk'
Slack : -1.636
TNS   : -50032.745

Type  : Fast 1100mV 85C Model Setup 'clk'
Slack : -5.723
TNS   : -48457.750

Type  : Fast 1100mV 85C Model Hold 'clk'
Slack : 0.149
TNS   : 0.000

Type  : Fast 1100mV 85C Model Minimum Pulse Width 'clk'
Slack : -1.174
TNS   : -32360.512

Type  : Fast 1100mV 0C Model Setup 'clk'
Slack : -5.155
TNS   : -36922.755

Type  : Fast 1100mV 0C Model Hold 'clk'
Slack : 0.136
TNS   : 0.000

Type  : Fast 1100mV 0C Model Minimum Pulse Width 'clk'
Slack : -1.174
TNS   : -32725.210

------------------------------------------------------------
